// Jest Snapshot v1, https://goo.gl/fbAQLP

exports[`real example ref should shapshot 1`] = `
<Fragment>
  <h1>
    RealExampleRef
  </h1>
  <hr />
  <br />
  <button
    className="btn btn-success m-2"
    onClick={[Function]}
  >
    Show / Hide
  </button>
</Fragment>
`;
