// Jest Snapshot v1, https://goo.gl/fbAQLP

exports[`test login should snaptshot  1`] = `
<div
  className="container"
>
  <h1>
    Login
  </h1>
  <hr />
  <button
    className="btn btn-primary"
    onClick={[Function]}
  >
    Login
  </button>
</div>
`;
