// Jest Snapshot v1, https://goo.gl/fbAQLP

exports[`app test should wrapper 1`] = `
<div
  className="App"
/>
`;
